// Jest Snapshot v1, https://goo.gl/fbAQLP

exports[`renders without unexpected changes 1`] = `
<p
  className="text-description text-description--undefined"
  data-testid="text-description"
/>
`;
