// Jest Snapshot v1, https://goo.gl/fbAQLP

exports[`renders without unexpected changes 1`] = `
<div
  className="video"
  data-testid="video"
>
  <div
    className="video__wrapper"
  >
    <img
      alt="Spectar"
      className="video__logo"
      src="test-file-stub"
    />
    <p
      className="video__slogan"
    >
      “I could probably go into sales for you. It's incredible. Thanks for the great service.”
    </p>
    <span
      className="video__name"
    >
      Anthony, CTO of Spectar.io
    </span>
    <button
      className="button button--primary button--undefined button--undefined"
      data-testid="button"
    >
      Watch video
      <img
        alt="Watch video"
        className="button__icon"
        data-testid="button__icon"
        src="test-file-stub"
      />
    </button>
  </div>
</div>
`;
