// Jest Snapshot v1, https://goo.gl/fbAQLP

exports[`renders without unexpected changes 1`] = `
<div
  className="accordion"
  data-testid="accordion"
>
  <div
    className="accordion__wrapper"
  >
    <div
      className="accordion__head"
    >
      <h3
        className="accordion__title"
      >
        CCPA
      </h3>
      <img
        alt="Plus"
        className="accordion__icon"
        onClick={[Function]}
        src="test-file-stub"
      />
    </div>
    <div
      className="accordion__text-wrapper"
    >
      <p
        className="accordion__text"
      >
        The California Consumer Privacy Act of 2018 (CCPA) gives Californian residents almost ultimate control over their personal information that you collect about them. Even a single newsletter opt-in form could become a nightmare with lots of devastating lawsuits.
      </p>
      <p
        className="accordion__text"
      >
        We at Blackbird designed and developed a special solution that embeds to the back end of your product. It is going to be a one-click-job to collect and export collected user’s personal information in a neat PDF file or delete it all upon request.
      </p>
    </div>
  </div>
  <div
    className="accordion__wrapper"
  >
    <div
      className="accordion__head"
    >
      <h3
        className="accordion__title"
      >
        GDPR
      </h3>
      <img
        alt="Plus"
        className="accordion__icon"
        onClick={[Function]}
        src="test-file-stub"
      />
    </div>
    <div
      className="accordion__text-wrapper"
    >
      <p
        className="accordion__text"
      >
        The California Consumer Privacy Act of 2018 (CCPA) gives Californian residents almost ultimate control over their personal information that you collect about them. Even a single newsletter opt-in form could become a nightmare with lots of devastating lawsuits.
      </p>
      <p
        className="accordion__text"
      >
        We at Blackbird designed and developed a special solution that embeds to the back end of your product. It is going to be a one-click-job to collect and export collected user’s personal information in a neat PDF file or delete it all upon request.
      </p>
    </div>
  </div>
  <div
    className="accordion__wrapper"
  >
    <div
      className="accordion__head"
    >
      <h3
        className="accordion__title"
      >
        ISO 27001
      </h3>
      <img
        alt="Plus"
        className="accordion__icon"
        onClick={[Function]}
        src="test-file-stub"
      />
    </div>
    <div
      className="accordion__text-wrapper"
    >
      <p
        className="accordion__text"
      >
        The California Consumer Privacy Act of 2018 (CCPA) gives Californian residents almost ultimate control over their personal information that you collect about them. Even a single newsletter opt-in form could become a nightmare with lots of devastating lawsuits.
      </p>
      <p
        className="accordion__text"
      >
        We at Blackbird designed and developed a special solution that embeds to the back end of your product. It is going to be a one-click-job to collect and export collected user’s personal information in a neat PDF file or delete it all upon request.
      </p>
    </div>
  </div>
</div>
`;
