// Jest Snapshot v1, https://goo.gl/fbAQLP

exports[`renders without unexpected changes 1`] = `
<h2
  className="title title--undefined"
  data-testid="section-title"
>
  test
</h2>
`;
