// Jest Snapshot v1, https://goo.gl/fbAQLP

exports[`renders without unexpected changes 1`] = `
<div
  className="tech__img-wrapper"
  data-testid="tech-icon"
>
  <span
    className="tech__img tech__img--large"
  >
    <svg
      fill="currentColor"
      height="1em"
      stroke="currentColor"
      strokeWidth="0"
      style={
        Object {
          "color": undefined,
        }
      }
      viewBox="0 0 384 512"
      width="1em"
      xmlns="http://www.w3.org/2000/svg"
    >
      <path
        d="M277.74 312.9c9.8-6.7 23.4-12.5 23.4-12.5s-38.7 7-77.2 10.2c-47.1 3.9-97.7 4.7-123.1 1.3-60.1-8 33-30.1 33-30.1s-36.1-2.4-80.6 19c-52.5 25.4 130 37 224.5 12.1zm-85.4-32.1c-19-42.7-83.1-80.2 0-145.8C296 53.2 242.84 0 242.84 0c21.5 84.5-75.6 110.1-110.7 162.6-23.9 35.9 11.7 74.4 60.2 118.2zm114.6-176.2c.1 0-175.2 43.8-91.5 140.2 24.7 28.4-6.5 54-6.5 54s62.7-32.4 33.9-72.9c-26.9-37.8-47.5-56.6 64.1-121.3zm-6.1 270.5a12.19 12.19 0 0 1-2 2.6c128.3-33.7 81.1-118.9 19.8-97.3a17.33 17.33 0 0 0-8.2 6.3 70.45 70.45 0 0 1 11-3c31-6.5 75.5 41.5-20.6 91.4zM348 437.4s14.5 11.9-15.9 21.2c-57.9 17.5-240.8 22.8-291.6.7-18.3-7.9 16-19 26.8-21.3 11.2-2.4 17.7-2 17.7-2-20.3-14.3-131.3 28.1-56.4 40.2C232.84 509.4 401 461.3 348 437.4zM124.44 396c-78.7 22 47.9 67.4 148.1 24.5a185.89 185.89 0 0 1-28.2-13.8c-44.7 8.5-65.4 9.1-106 4.5-33.5-3.8-13.9-15.2-13.9-15.2zm179.8 97.2c-78.7 14.8-175.8 13.1-233.3 3.6 0-.1 11.8 9.7 72.4 13.6 92.2 5.9 233.8-3.3 237.1-46.9 0 0-6.4 16.5-76.2 29.7zM260.64 353c-59.2 11.4-93.5 11.1-136.8 6.6-33.5-3.5-11.6-19.7-11.6-19.7-86.8 28.8 48.2 61.4 169.5 25.9a60.37 60.37 0 0 1-21.1-12.8z"
      />
    </svg>
  </span>
  <span
    className="tech__img tech__img--large"
  >
    <svg
      fill="currentColor"
      height="1em"
      stroke="currentColor"
      strokeWidth="0"
      style={
        Object {
          "color": undefined,
        }
      }
      version="1.1"
      viewBox="0 0 32 32"
      width="1em"
      xmlns="http://www.w3.org/2000/svg"
    >
      <path
        d="M9.633 7.968h3.751v10.514c0 4.738-2.271 6.392-5.899 6.392-0.888 0-2.024-0.148-2.764-0.395l0.42-3.036c0.518 0.173 1.185 0.296 1.925 0.296 1.58 0 2.567-0.716 2.567-3.282v-10.489zM16.641 20.753c0.987 0.518 2.567 1.037 4.171 1.037 1.728 0 2.641-0.716 2.641-1.826 0-1.012-0.79-1.629-2.789-2.32-2.764-0.987-4.59-2.517-4.59-4.961 0-2.838 2.394-4.985 6.293-4.985 1.9 0 3.258 0.37 4.245 0.839l-0.839 3.011c-0.642-0.321-1.851-0.79-3.455-0.79-1.629 0-2.419 0.765-2.419 1.604 0 1.061 0.913 1.53 3.085 2.369 2.937 1.086 4.294 2.616 4.294 4.985 0 2.789-2.122 5.158-6.688 5.158-1.9 0-3.776-0.518-4.714-1.037l0.765-3.085z"
      />
    </svg>
  </span>
  <span
    className="tech__img tech__img--large"
  >
    <svg
      fill="currentColor"
      height="1em"
      stroke="currentColor"
      strokeWidth="0"
      style={
        Object {
          "color": undefined,
        }
      }
      viewBox="0 0 512 512"
      width="1em"
      xmlns="http://www.w3.org/2000/svg"
    >
      <path
        d="M418.2 177.2c-5.4-1.8-10.8-3.5-16.2-5.1.9-3.7 1.7-7.4 2.5-11.1 12.3-59.6 4.2-107.5-23.1-123.3-26.3-15.1-69.2.6-112.6 38.4-4.3 3.7-8.5 7.6-12.5 11.5-2.7-2.6-5.5-5.2-8.3-7.7-45.5-40.4-91.1-57.4-118.4-41.5-26.2 15.2-34 60.3-23 116.7 1.1 5.6 2.3 11.1 3.7 16.7-6.4 1.8-12.7 3.8-18.6 5.9C38.3 196.2 0 225.4 0 255.6c0 31.2 40.8 62.5 96.3 81.5 4.5 1.5 9 3 13.6 4.3-1.5 6-2.8 11.9-4 18-10.5 55.5-2.3 99.5 23.9 114.6 27 15.6 72.4-.4 116.6-39.1 3.5-3.1 7-6.3 10.5-9.7 4.4 4.3 9 8.4 13.6 12.4 42.8 36.8 85.1 51.7 111.2 36.6 27-15.6 35.8-62.9 24.4-120.5-.9-4.4-1.9-8.9-3-13.5 3.2-.9 6.3-1.9 9.4-2.9 57.7-19.1 99.5-50 99.5-81.7 0-30.3-39.4-59.7-93.8-78.4zM282.9 92.3c37.2-32.4 71.9-45.1 87.7-36 16.9 9.7 23.4 48.9 12.8 100.4-.7 3.4-1.4 6.7-2.3 10-22.2-5-44.7-8.6-67.3-10.6-13-18.6-27.2-36.4-42.6-53.1 3.9-3.7 7.7-7.2 11.7-10.7zM167.2 307.5c5.1 8.7 10.3 17.4 15.8 25.9-15.6-1.7-31.1-4.2-46.4-7.5 4.4-14.4 9.9-29.3 16.3-44.5 4.6 8.8 9.3 17.5 14.3 26.1zm-30.3-120.3c14.4-3.2 29.7-5.8 45.6-7.8-5.3 8.3-10.5 16.8-15.4 25.4-4.9 8.5-9.7 17.2-14.2 26-6.3-14.9-11.6-29.5-16-43.6zm27.4 68.9c6.6-13.8 13.8-27.3 21.4-40.6s15.8-26.2 24.4-38.9c15-1.1 30.3-1.7 45.9-1.7s31 .6 45.9 1.7c8.5 12.6 16.6 25.5 24.3 38.7s14.9 26.7 21.7 40.4c-6.7 13.8-13.9 27.4-21.6 40.8-7.6 13.3-15.7 26.2-24.2 39-14.9 1.1-30.4 1.6-46.1 1.6s-30.9-.5-45.6-1.4c-8.7-12.7-16.9-25.7-24.6-39s-14.8-26.8-21.5-40.6zm180.6 51.2c5.1-8.8 9.9-17.7 14.6-26.7 6.4 14.5 12 29.2 16.9 44.3-15.5 3.5-31.2 6.2-47 8 5.4-8.4 10.5-17 15.5-25.6zm14.4-76.5c-4.7-8.8-9.5-17.6-14.5-26.2-4.9-8.5-10-16.9-15.3-25.2 16.1 2 31.5 4.7 45.9 8-4.6 14.8-10 29.2-16.1 43.4zM256.2 118.3c10.5 11.4 20.4 23.4 29.6 35.8-19.8-.9-39.7-.9-59.5 0 9.8-12.9 19.9-24.9 29.9-35.8zM140.2 57c16.8-9.8 54.1 4.2 93.4 39 2.5 2.2 5 4.6 7.6 7-15.5 16.7-29.8 34.5-42.9 53.1-22.6 2-45 5.5-67.2 10.4-1.3-5.1-2.4-10.3-3.5-15.5-9.4-48.4-3.2-84.9 12.6-94zm-24.5 263.6c-4.2-1.2-8.3-2.5-12.4-3.9-21.3-6.7-45.5-17.3-63-31.2-10.1-7-16.9-17.8-18.8-29.9 0-18.3 31.6-41.7 77.2-57.6 5.7-2 11.5-3.8 17.3-5.5 6.8 21.7 15 43 24.5 63.6-9.6 20.9-17.9 42.5-24.8 64.5zm116.6 98c-16.5 15.1-35.6 27.1-56.4 35.3-11.1 5.3-23.9 5.8-35.3 1.3-15.9-9.2-22.5-44.5-13.5-92 1.1-5.6 2.3-11.2 3.7-16.7 22.4 4.8 45 8.1 67.9 9.8 13.2 18.7 27.7 36.6 43.2 53.4-3.2 3.1-6.4 6.1-9.6 8.9zm24.5-24.3c-10.2-11-20.4-23.2-30.3-36.3 9.6.4 19.5.6 29.5.6 10.3 0 20.4-.2 30.4-.7-9.2 12.7-19.1 24.8-29.6 36.4zm130.7 30c-.9 12.2-6.9 23.6-16.5 31.3-15.9 9.2-49.8-2.8-86.4-34.2-4.2-3.6-8.4-7.5-12.7-11.5 15.3-16.9 29.4-34.8 42.2-53.6 22.9-1.9 45.7-5.4 68.2-10.5 1 4.1 1.9 8.2 2.7 12.2 4.9 21.6 5.7 44.1 2.5 66.3zm18.2-107.5c-2.8.9-5.6 1.8-8.5 2.6-7-21.8-15.6-43.1-25.5-63.8 9.6-20.4 17.7-41.4 24.5-62.9 5.2 1.5 10.2 3.1 15 4.7 46.6 16 79.3 39.8 79.3 58 0 19.6-34.9 44.9-84.8 61.4zm-149.7-15c25.3 0 45.8-20.5 45.8-45.8s-20.5-45.8-45.8-45.8c-25.3 0-45.8 20.5-45.8 45.8s20.5 45.8 45.8 45.8z"
      />
    </svg>
  </span>
  <span
    className="tech__img tech__img--large"
  >
    <svg
      fill="currentColor"
      height="1em"
      role="img"
      stroke="currentColor"
      strokeWidth="0"
      style={
        Object {
          "color": undefined,
        }
      }
      viewBox="0 0 24 24"
      width="1em"
      xmlns="http://www.w3.org/2000/svg"
    >
      <title />
      <path
        d="M9.93 12.645h4.134L11.996 7.74M11.996.009L.686 3.988l1.725 14.76 9.585 5.243 9.588-5.238L23.308 3.99 11.996.01zm7.058 18.297h-2.636l-1.42-3.501H8.995l-1.42 3.501H4.937l7.06-15.648 7.057 15.648z"
      />
    </svg>
  </span>
  <span
    className="tech__img tech__img--large"
  >
    <svg
      fill="currentColor"
      height="1em"
      stroke="currentColor"
      strokeWidth="0"
      style={
        Object {
          "color": undefined,
        }
      }
      viewBox="0 0 640 512"
      width="1em"
      xmlns="http://www.w3.org/2000/svg"
    >
      <path
        d="M316.3 452c-2.1 0-4.2-.6-6.1-1.6L291 439c-2.9-1.6-1.5-2.2-.5-2.5 3.8-1.3 4.6-1.6 8.7-4 .4-.2 1-.1 1.4.1l14.8 8.8c.5.3 1.3.3 1.8 0L375 408c.5-.3.9-.9.9-1.6v-66.7c0-.7-.3-1.3-.9-1.6l-57.8-33.3c-.5-.3-1.2-.3-1.8 0l-57.8 33.3c-.6.3-.9 1-.9 1.6v66.7c0 .6.4 1.2.9 1.5l15.8 9.1c8.6 4.3 13.9-.8 13.9-5.8v-65.9c0-.9.7-1.7 1.7-1.7h7.3c.9 0 1.7.7 1.7 1.7v65.9c0 11.5-6.2 18-17.1 18-3.3 0-6 0-13.3-3.6l-15.2-8.7c-3.7-2.2-6.1-6.2-6.1-10.5v-66.7c0-4.3 2.3-8.4 6.1-10.5l57.8-33.4c3.7-2.1 8.5-2.1 12.1 0l57.8 33.4c3.7 2.2 6.1 6.2 6.1 10.5v66.7c0 4.3-2.3 8.4-6.1 10.5l-57.8 33.4c-1.7 1.1-3.8 1.7-6 1.7zm46.7-65.8c0-12.5-8.4-15.8-26.2-18.2-18-2.4-19.8-3.6-19.8-7.8 0-3.5 1.5-8.1 14.8-8.1 11.9 0 16.3 2.6 18.1 10.6.2.8.8 1.3 1.6 1.3h7.5c.5 0 .9-.2 1.2-.5.3-.4.5-.8.4-1.3-1.2-13.8-10.3-20.2-28.8-20.2-16.5 0-26.3 7-26.3 18.6 0 12.7 9.8 16.1 25.6 17.7 18.9 1.9 20.4 4.6 20.4 8.3 0 6.5-5.2 9.2-17.4 9.2-15.3 0-18.7-3.8-19.8-11.4-.1-.8-.8-1.4-1.7-1.4h-7.5c-.9 0-1.7.7-1.7 1.7 0 9.7 5.3 21.3 30.6 21.3 18.5 0 29-7.2 29-19.8zm54.5-50.1c0 6.1-5 11.1-11.1 11.1s-11.1-5-11.1-11.1c0-6.3 5.2-11.1 11.1-11.1 6-.1 11.1 4.8 11.1 11.1zm-1.8 0c0-5.2-4.2-9.3-9.4-9.3-5.1 0-9.3 4.1-9.3 9.3 0 5.2 4.2 9.4 9.3 9.4 5.2-.1 9.4-4.3 9.4-9.4zm-4.5 6.2h-2.6c-.1-.6-.5-3.8-.5-3.9-.2-.7-.4-1.1-1.3-1.1h-2.2v5h-2.4v-12.5h4.3c1.5 0 4.4 0 4.4 3.3 0 2.3-1.5 2.8-2.4 3.1 1.7.1 1.8 1.2 2.1 2.8.1 1 .3 2.7.6 3.3zm-2.8-8.8c0-1.7-1.2-1.7-1.8-1.7h-2v3.5h1.9c1.6 0 1.9-1.1 1.9-1.8zM137.3 191c0-2.7-1.4-5.1-3.7-6.4l-61.3-35.3c-1-.6-2.2-.9-3.4-1h-.6c-1.2 0-2.3.4-3.4 1L3.7 184.6C1.4 185.9 0 188.4 0 191l.1 95c0 1.3.7 2.5 1.8 3.2 1.1.7 2.5.7 3.7 0L42 268.3c2.3-1.4 3.7-3.8 3.7-6.4v-44.4c0-2.6 1.4-5.1 3.7-6.4l15.5-8.9c1.2-.7 2.4-1 3.7-1 1.3 0 2.6.3 3.7 1l15.5 8.9c2.3 1.3 3.7 3.8 3.7 6.4v44.4c0 2.6 1.4 5.1 3.7 6.4l36.4 20.9c1.1.7 2.6.7 3.7 0 1.1-.6 1.8-1.9 1.8-3.2l.2-95zM472.5 87.3v176.4c0 2.6-1.4 5.1-3.7 6.4l-61.3 35.4c-2.3 1.3-5.1 1.3-7.4 0l-61.3-35.4c-2.3-1.3-3.7-3.8-3.7-6.4v-70.8c0-2.6 1.4-5.1 3.7-6.4l61.3-35.4c2.3-1.3 5.1-1.3 7.4 0l15.3 8.8c1.7 1 3.9-.3 3.9-2.2v-94c0-2.8 3-4.6 5.5-3.2l36.5 20.4c2.3 1.2 3.8 3.7 3.8 6.4zm-46 128.9c0-.7-.4-1.3-.9-1.6l-21-12.2c-.6-.3-1.3-.3-1.9 0l-21 12.2c-.6.3-.9.9-.9 1.6v24.3c0 .7.4 1.3.9 1.6l21 12.1c.6.3 1.3.3 1.8 0l21-12.1c.6-.3.9-.9.9-1.6v-24.3zm209.8-.7c2.3-1.3 3.7-3.8 3.7-6.4V192c0-2.6-1.4-5.1-3.7-6.4l-60.9-35.4c-2.3-1.3-5.1-1.3-7.4 0l-61.3 35.4c-2.3 1.3-3.7 3.8-3.7 6.4v70.8c0 2.7 1.4 5.1 3.7 6.4l60.9 34.7c2.2 1.3 5 1.3 7.3 0l36.8-20.5c2.5-1.4 2.5-5 0-6.4L550 241.6c-1.2-.7-1.9-1.9-1.9-3.2v-22.2c0-1.3.7-2.5 1.9-3.2l19.2-11.1c1.1-.7 2.6-.7 3.7 0l19.2 11.1c1.1.7 1.9 1.9 1.9 3.2v17.4c0 2.8 3.1 4.6 5.6 3.2l36.7-21.3zM559 219c-.4.3-.7.7-.7 1.2v13.6c0 .5.3 1 .7 1.2l11.8 6.8c.4.3 1 .3 1.4 0L584 235c.4-.3.7-.7.7-1.2v-13.6c0-.5-.3-1-.7-1.2l-11.8-6.8c-.4-.3-1-.3-1.4 0L559 219zm-254.2 43.5v-70.4c0-2.6-1.6-5.1-3.9-6.4l-61.1-35.2c-2.1-1.2-5-1.4-7.4 0l-61.1 35.2c-2.3 1.3-3.9 3.7-3.9 6.4v70.4c0 2.8 1.9 5.2 4 6.4l61.2 35.2c2.4 1.4 5.2 1.3 7.4 0l61-35.2c1.8-1 3.1-2.7 3.6-4.7.1-.5.2-1.1.2-1.7zm-74.3-124.9l-.8.5h1.1l-.3-.5zm76.2 130.2l-.4-.7v.9l.4-.2z"
      />
    </svg>
  </span>
  <span
    className="tech__img tech__img--large"
  >
    <svg
      fill="currentColor"
      height="1em"
      role="img"
      stroke="currentColor"
      strokeWidth="0"
      style={
        Object {
          "color": undefined,
        }
      }
      viewBox="0 0 24 24"
      width="1em"
      xmlns="http://www.w3.org/2000/svg"
    >
      <title />
      <path
        d="M7.01 10.207h-.944l-.515 2.648h.838c.556 0 .97-.105 1.242-.314.272-.21.455-.559.55-1.049.092-.47.05-.802-.124-.995-.175-.193-.523-.29-1.047-.29zM12 5.688C5.373 5.688 0 8.514 0 12s5.373 6.313 12 6.313S24 15.486 24 12c0-3.486-5.373-6.312-12-6.312zm-3.26 7.451c-.261.25-.575.438-.917.551-.336.108-.765.164-1.285.164H5.357l-.327 1.681H3.652l1.23-6.326h2.65c.797 0 1.378.209 1.744.628.366.418.476 1.002.33 1.752a2.836 2.836 0 0 1-.305.847c-.143.255-.33.49-.561.703zm4.024.715l.543-2.799c.063-.318.039-.536-.068-.651-.107-.116-.336-.174-.687-.174H11.46l-.704 3.625H9.388l1.23-6.327h1.367l-.327 1.682h1.218c.767 0 1.295.134 1.586.401s.378.7.263 1.299l-.572 2.944h-1.389zm7.597-2.265a2.782 2.782 0 0 1-.305.847c-.143.255-.33.49-.561.703a2.44 2.44 0 0 1-.917.551c-.336.108-.765.164-1.286.164h-1.18l-.327 1.682h-1.378l1.23-6.326h2.649c.797 0 1.378.209 1.744.628.366.417.477 1.001.331 1.751zM17.766 10.207h-.943l-.516 2.648h.838c.557 0 .971-.105 1.242-.314.272-.21.455-.559.551-1.049.092-.47.049-.802-.125-.995s-.524-.29-1.047-.29z"
      />
    </svg>
  </span>
  <span
    className="tech__img tech__img--large"
  >
    <svg
      fill="currentColor"
      height="1em"
      role="img"
      stroke="currentColor"
      strokeWidth="0"
      style={
        Object {
          "color": undefined,
        }
      }
      viewBox="0 0 24 24"
      width="1em"
      xmlns="http://www.w3.org/2000/svg"
    >
      <title />
      <path
        d="M20.8848485 15.8107143v1.1635714h1.9818182c.4060606 0 1.1030303-.315 1.1272727-1.19571427v-.45c0-.75214286-.5818182-1.1957143-1.1272727-1.1957143h-.9878788v-.54h1.9575757v-1.17h-1.8787878c-.4848485 0-1.1333334.42428573-1.1333334 1.215v.405c0 .7907143.6424243 1.1957143 1.1333334 1.1957143 1.3636363.00642857-.3272728 0 .9333333 0v.56571428l-2.0060606.0064286zm-10.6181818-.28285716s1.060606-.09642857 1.060606-1.5492857c0-1.45285715-1.2848485-1.58785715-1.2848485-1.58785715H7.72727273v4.5835714H8.8909091v-1.1057143l1.0060606 1.1057142h1.7212121l-1.3515151-1.4464286zm-.44848488-.93857143H8.8909091v-1.0478571h.93333332s.26060608.1028572.26060608.5207143c0 .4178572-.26666668.5271429-.26666668.5271429zM14.2 12.4228572h-1.1818182c-.8424242 0-1.1272727.81-1.1272727 1.1957143v3.35571427h1.1818182v-.8035714h1.1090909v.8035714h1.1454545V13.6185715c0-.97714286-.8363636-1.1957143-1.1272727-1.1957143zm-.0181818 2.44928572h-1.1151515V13.76s0-.2507143.3696969-.2507143h.4060606c.3272728 0 .3333334.2507143.3333334.2507143v1.11214286h.0060606zm1.6848485-2.44928573h1.230303v4.5514285h-1.230303v-4.5514285zm2.9575757 3.375v-3.375H17.6v4.5514285h2.8787879v-1.1764285h-1.6545455zM.42424242 16.9742857h4.7878788S4.2969697 12.545 7.3272727 10.75142858c.66060607-.34071428 2.76363638-1.61357143 6.20606058 1.08642857.1090909-.09642857.2121212-.17357143.2121212-.17357143s-3.1515151-3.33642856-6.66060602-2.9635714c-1.76363636.16714284-3.93333333 1.87071427-5.2060606 4.12071427-1.27272726 2.25-1.45454546 4.1528571-1.45454546 4.1528571zM.42424242 16.9742857h4.7878788S4.2969697 12.545 7.3272727 10.75142858c.66060607-.34071428 2.76363638-1.61357143 6.20606058 1.08642857.1090909-.09642857.2121212-.17357143.2121212-.17357143s-3.1515151-3.33642856-6.66060602-2.9635714c-1.76363636.16714284-3.93333333 1.87071427-5.2060606 4.12071427-1.27272726 2.25-1.45454546 4.1528571-1.45454546 4.1528571zM.42424242 16.9742857h4.7878788S4.2969697 12.545 7.3272727 10.75142858c.66060607-.34071428 2.76363638-1.61357143 6.20606058 1.08642857.1090909-.09642857.2121212-.17357143.2121212-.17357143s-3.1515151-3.33642856-6.66060602-2.9635714c-1.76969696.16714284-3.93939393 1.87071427-5.2121212 4.12071427C.6 15.0714285.4242424 16.9742857.4242424 16.9742857zM10.4 9.0607143L10.4242424 8.63c-.0545454-.03214286-.2060606-.1092857-.58787876-.225l-.02424243.4242857c.2.0707143.3939394.14785716.5878788.2314286zM9.82424242 10.42357143l-.02424242.405c.2.00642857.4.03214286.6.07714286l.0242424-.3985715c-.2060606-.045-.4060606-.0707143-.59999998-.0835715zm-2.24242424-2.0057143h.06060606l-.12121212-.39214284c-.1878788 0-.38181818.0128571-.58181818.0385714l.1151515.3792857c.1757576-.0192857.35151517-.0257143.52727274-.0257143zm.2909091 2.3657143l.13939393.44357143c.1757576-.09.3515152-.16714286.5272728-.225l-.1333333-.42428572c-.2060606.06428572-.3818182.135-.5333333.2057143zM5.1212121 9.09285713l-.27272727-.44357142c-.15151515.0835715-.3090909.1735715-.47272727.2764286l.27878787.45c.15757576-.1028571.3090909-.1992857.46666667-.2828571zm1.24242424 2.89285716l.2909091.4628571c.1030303-.1607143.22424242-.3085715.35757575-.4564286L6.7393939 11.555c-.13939394.135-.26666667.28285714-.37575758.4307143zm-.87878788 2.07l.4909091.4114285C6 14.2164285 6.04242424 13.9657143 6.1030303 13.715l-.43636363-.36642857c-.07878788.23785714-.13333334.47571428-.1818182.70714286zM2.830303 11.0021428L2.4 10.60357142c-.15757576.1607143-.3090909.32142858-.44848485.48214287L2.41818182 11.51c.12727273-.17357143.26666666-.34714286.4121212-.50785714zM1 13.8757143l-.6969697-.27c-.1151515.27642856-.24242424.59785713-.3030303.77142856l.6969697.27C.77575758 14.42857143.9030303 14.11357143 1 13.8757143zm4.3939394 1.81285713c.0121212.34071428.04242424.61714286.07272727.81L6.1939394 16.775c-.05454546-.2507143-.10909092-.53357143-.14545455-.8357143l-.65454546-.25071427z"
      />
    </svg>
  </span>
  <span
    className="tech__img tech__img--large"
  >
    <svg
      fill="currentColor"
      height="1em"
      stroke="currentColor"
      strokeWidth="0"
      style={
        Object {
          "color": undefined,
        }
      }
      viewBox="0 0 384 512"
      width="1em"
      xmlns="http://www.w3.org/2000/svg"
    >
      <path
        d="M0 32l34.9 395.8L191.5 480l157.6-52.2L384 32H0zm308.2 127.9H124.4l4.1 49.4h175.6l-13.6 148.4-97.9 27v.3h-1.1l-98.7-27.3-6-75.8h47.7L138 320l53.5 14.5 53.7-14.5 6-62.2H84.3L71.5 112.2h241.1l-4.4 47.7z"
      />
    </svg>
  </span>
  <span
    className="tech__img tech__img--large"
  >
    <svg
      fill="currentColor"
      height="1em"
      role="img"
      stroke="currentColor"
      strokeWidth="0"
      style={
        Object {
          "color": undefined,
        }
      }
      viewBox="0 0 24 24"
      width="1em"
      xmlns="http://www.w3.org/2000/svg"
    >
      <title />
      <path
        d="M14.31.18l.9.2.73.26.59.3.45.32.34.34.25.34.16.33.1.3.04.26.02.2-.01.13V8.5l-.05.63-.13.55-.21.46-.26.38-.3.31-.33.25-.35.19-.35.14-.33.1-.3.07-.26.04-.21.02H8.83l-.69.05-.59.14-.5.22-.41.27-.33.32-.27.35-.2.36-.15.37-.1.35-.07.32-.04.27-.02.21v3.06H3.23l-.21-.03-.28-.07-.32-.12-.35-.18-.36-.26-.36-.36-.35-.46-.32-.59-.28-.73-.21-.88-.14-1.05L0 11.97l.06-1.22.16-1.04.24-.87.32-.71.36-.57.4-.44.42-.33.42-.24.4-.16.36-.1.32-.05.24-.01h.16l.06.01h8.16v-.83H6.24l-.01-2.75-.02-.37.05-.34.11-.31.17-.28.25-.26.31-.23.38-.2.44-.18.51-.15.58-.12.64-.1.71-.06.77-.04.84-.02 1.27.05 1.07.13zm-6.3 1.98l-.23.33-.08.41.08.41.23.34.33.22.41.09.41-.09.33-.22.23-.34.08-.41-.08-.41-.23-.33-.33-.22-.41-.09-.41.09-.33.22zM21.1 6.11l.28.06.32.12.35.18.36.27.36.35.35.47.32.59.28.73.21.88.14 1.04.05 1.23-.06 1.23-.16 1.04-.24.86-.32.71-.36.57-.4.45-.42.33-.42.24-.4.16-.36.09-.32.05-.24.02-.16-.01h-8.22v.82h5.84l.01 2.76.02.36-.05.34-.11.31-.17.29-.25.25-.31.24-.38.2-.44.17-.51.15-.58.13-.64.09-.71.07-.77.04-.84.01-1.27-.04-1.07-.14-.9-.2-.73-.25-.59-.3-.45-.33-.34-.34-.25-.34-.16-.33-.1-.3-.04-.25-.02-.2.01-.13v-5.34l.05-.64.13-.54.21-.46.26-.38.3-.32.33-.24.35-.2.35-.14.33-.1.3-.06.26-.04.21-.02.13-.01h5.84l.69-.05.59-.14.5-.21.41-.28.33-.32.27-.35.2-.36.15-.36.1-.35.07-.32.04-.28.02-.21V6.07h2.09l.14.01.21.03zm-6.47 14.25l-.23.33-.08.41.08.41.23.33.33.23.41.08.41-.08.33-.23.23-.33.08-.41-.08-.41-.23-.33-.33-.23-.41-.08-.41.08-.33.23z"
      />
    </svg>
  </span>
  <span
    className="tech__img tech__img--large"
  >
    <svg
      fill="currentColor"
      height="1em"
      role="img"
      stroke="currentColor"
      strokeWidth="0"
      style={
        Object {
          "color": undefined,
        }
      }
      viewBox="0 0 24 24"
      width="1em"
      xmlns="http://www.w3.org/2000/svg"
    >
      <title />
      <path
        d="M12 0A12 12 0 000 12a12 12 0 0012 12 12 12 0 0012-12A12 12 0 0012 0zM9.426 7.12a5.55 5.55 0 011.985.38v1.181a4.5 4.5 0 00-2.25-.566 3.439 3.439 0 00-2.625 1.087 4.099 4.099 0 00-1.012 2.906 3.9 3.9 0 00.945 2.754 3.217 3.217 0 002.482 1.023 4.657 4.657 0 002.464-.634l-.004 1.08a5.543 5.543 0 01-2.625.555 4.211 4.211 0 01-3.228-1.297 4.793 4.793 0 01-1.212-3.409 5.021 5.021 0 011.365-3.663 4.631 4.631 0 013.473-1.392 5.55 5.55 0 01.12-.004 5.55 5.55 0 01.122 0zm5.863.155h.836l-.555 2.652h1.661l.567-2.652h.81l-.555 2.652 1.732-.004-.15.697H17.91l-.412 1.98h1.852l-.176.698h-1.816l-.58 2.625h-.83l.567-2.625h-1.65l-.555 2.625h-.81l.555-2.625h-1.74l.131-.698h1.748l.401-1.976h-1.826l.138-.697h1.826zm.142 3.345L15 12.6h1.673l.423-1.98z"
      />
    </svg>
  </span>
  <span
    className="tech__img tech__img--large"
  >
    <svg
      fill="currentColor"
      height="1em"
      role="img"
      stroke="currentColor"
      strokeWidth="0"
      style={
        Object {
          "color": undefined,
        }
      }
      viewBox="0 0 24 24"
      width="1em"
      xmlns="http://www.w3.org/2000/svg"
    >
      <title />
      <path
        d="M1.1 6.05C.486 6.05 0 6.53 0 7.13A1.08 1.08 0 0 0 1.1 8.21C1.72 8.21 2.21 7.73 2.21 7.13C2.21 6.53 1.72 6.05 1.1 6.05M8.71 6.07C5.35 6.07 3.25 8.36 3.25 12C3.25 15.67 5.35 17.95 8.71 17.95C12.05 17.95 14.16 15.67 14.16 12C14.16 8.36 12.05 6.07 8.71 6.07M19.55 6.07C17.05 6.07 15.27 7.45 15.27 9.5C15.27 11.13 16.28 12.15 18.4 12.64L19.89 13C21.34 13.33 21.93 13.81 21.93 14.64C21.93 15.6 20.96 16.28 19.58 16.28C18.17 16.28 17.11 15.59 17 14.53H15C15.08 16.65 16.82 17.95 19.46 17.95C22.25 17.95 24 16.58 24 14.4C24 12.69 23 11.72 20.68 11.19L19.35 10.89C17.94 10.55 17.36 10.1 17.36 9.34C17.36 8.38 18.24 7.74 19.54 7.74C20.85 7.74 21.75 8.39 21.85 9.46H23.81C23.76 7.44 22.09 6.07 19.55 6.07M8.71 7.82C10.75 7.82 12.06 9.45 12.06 12C12.06 14.57 10.75 16.2 8.71 16.2C6.65 16.2 5.35 14.57 5.35 12C5.35 9.45 6.65 7.82 8.71 7.82M.111 9.31V17.76H2.1V9.31H.11Z"
      />
    </svg>
  </span>
  <span
    className="tech__img tech__img--large"
  >
    <svg
      fill="currentColor"
      height="1em"
      stroke="currentColor"
      strokeWidth="0"
      style={
        Object {
          "color": undefined,
        }
      }
      version="1.1"
      viewBox="0 0 32 32"
      width="1em"
      xmlns="http://www.w3.org/2000/svg"
    >
      <path
        d="M6.802 20.283c0 1.23-0.857 2.237-1.904 2.237s-1.905-1.006-1.905-2.237v-7.321c0-1.23 0.857-2.237 1.905-2.237s1.904 1.007 1.904 2.237v7.321zM29.007 20.283c0 1.23-0.857 2.237-1.905 2.237s-1.905-1.006-1.905-2.237v-7.321c0-1.23 0.857-2.237 1.905-2.237s1.905 1.007 1.905 2.237v7.321zM20.164 3.649l1.222-2.193c0.1-0.179 0.070-0.388-0.065-0.463s-0.329 0.009-0.428 0.188l-1.25 2.244c-1.115-0.439-2.364-0.684-3.684-0.684-1.33 0-2.588 0.25-3.71 0.695l-1.256-2.254c-0.1-0.179-0.293-0.264-0.428-0.188s-0.165 0.284-0.065 0.463l1.228 2.204c-2.555 1.2-4.276 3.453-4.276 6.035 0 0.262 0.019 0.521 0.053 0.776h16.909c0.035-0.255 0.053-0.513 0.053-0.776 0-2.59-1.732-4.849-4.301-6.046zM12.097 7.477c-0.411 0-0.744-0.333-0.744-0.744s0.333-0.744 0.744-0.744 0.744 0.333 0.744 0.744c0 0.411-0.333 0.744-0.744 0.744zM19.861 7.477c-0.411 0-0.744-0.333-0.744-0.744s0.333-0.744 0.744-0.744 0.744 0.333 0.744 0.744c0 0.411-0.333 0.744-0.744 0.744zM7.45 11.211v12.471h0.007c0.087 1.053 1.056 1.89 2.23 1.89h12.541c1.173 0 2.142-0.837 2.23-1.89h0.007v-12.471h-17.014zM14.74 25.51v3.858c0 1.23-0.857 2.237-1.905 2.237s-1.904-1.007-1.904-2.237v-3.855zM21.088 25.508v3.86c0 1.23-0.857 2.237-1.905 2.237s-1.905-1.007-1.905-2.237v-3.86z"
      />
    </svg>
  </span>
  <span
    className="tech__img tech__img--large"
  >
    <svg
      fill="currentColor"
      height="1em"
      role="img"
      stroke="currentColor"
      strokeWidth="0"
      style={
        Object {
          "color": undefined,
        }
      }
      viewBox="0 0 24 24"
      width="1em"
      xmlns="http://www.w3.org/2000/svg"
    >
      <title />
      <path
        d="M21.984 16.348c.056-.112.056-.224.112-.336 1.346-5.272-1.851-11.44-7.347-14.693 2.412 3.253 3.365 7.122 2.524 10.599-.056.28-.168.617-.28.897a5.173 5.173 0 0 1-.45-.28S11.104 9.17 5.273 3.282c-.169-.168 3.14 4.71 6.841 8.58-1.738-1.01-6.673-4.542-9.758-7.403.337.617.842 1.234 1.346 1.851 2.58 3.309 5.945 7.346 9.983 10.43-2.86 1.74-6.842 1.851-10.88 0-1.01-.448-1.85-1.009-2.804-1.682 1.682 2.636 4.318 5.048 7.459 6.337 3.757 1.627 7.57 1.515 10.318 0h.057c.112-.056.224-.112.336-.224 1.346-.673 3.982-1.402 5.44 1.402.392.785 1.121-2.86-1.626-6.225z"
      />
    </svg>
  </span>
  <span
    className="tech__img tech__img--large"
  >
    <svg
      fill="currentColor"
      height="1em"
      stroke="currentColor"
      strokeWidth="0"
      style={
        Object {
          "color": undefined,
        }
      }
      viewBox="0 0 448 512"
      width="1em"
      xmlns="http://www.w3.org/2000/svg"
    >
      <path
        d="M416 32H32C14.4 32 0 46.4 0 64v384c0 17.6 14.4 32 32 32h384c17.6 0 32-14.4 32-32V64c0-17.6-14.4-32-32-32zm-64 257.4c0 49.4-11.4 82.6-103.8 82.6h-16.9c-44.1 0-62.4-14.9-70.4-38.8h-.9V368H96V136h64v74.7h1.1c4.6-30.5 39.7-38.8 69.7-38.8h17.3c92.4 0 103.8 33.1 103.8 82.5v35zm-64-28.9v22.9c0 21.7-3.4 33.8-38.4 33.8h-45.3c-28.9 0-44.1-6.5-44.1-35.7v-19c0-29.3 15.2-35.7 44.1-35.7h45.3c35-.2 38.4 12 38.4 33.7z"
      />
    </svg>
  </span>
  <span
    className="tech__img tech__img--large"
  >
    <svg
      fill="currentColor"
      height="1em"
      role="img"
      stroke="currentColor"
      strokeWidth="0"
      style={
        Object {
          "color": undefined,
        }
      }
      viewBox="0 0 24 24"
      width="1em"
      xmlns="http://www.w3.org/2000/svg"
    >
      <title />
      <path
        d="M.045 18.02c.072-.116.187-.124.348-.022 3.636 2.11 7.594 3.166 11.87 3.166 2.852 0 5.668-.533 8.447-1.595l.315-.14c.138-.06.234-.1.293-.13.226-.088.39-.046.525.13.12.174.09.336-.12.48-.256.19-.6.41-1.006.654-1.244.743-2.64 1.316-4.185 1.726-1.53.406-3.045.61-4.516.61-2.265 0-4.41-.396-6.435-1.187-2.02-.794-3.82-1.91-5.43-3.35-.1-.074-.15-.15-.15-.22 0-.047.02-.09.05-.13zm6.565-6.218c0-1.005.247-1.863.743-2.577.495-.71 1.17-1.25 2.04-1.615.796-.335 1.756-.575 2.912-.72.39-.046 1.033-.103 1.92-.174v-.37c0-.93-.105-1.558-.3-1.875-.302-.43-.78-.65-1.44-.65h-.182c-.48.046-.896.196-1.246.46-.35.27-.575.63-.675 1.096-.06.3-.206.465-.435.51l-2.52-.315c-.248-.06-.372-.18-.372-.39 0-.046.007-.09.022-.15.247-1.29.855-2.25 1.82-2.88.976-.616 2.1-.975 3.39-1.05h.54c1.65 0 2.957.434 3.888 1.29.135.15.27.3.405.48.12.165.224.314.283.45.075.134.15.33.195.57.06.254.105.42.135.51.03.104.062.3.076.615.01.313.02.493.02.553v5.28c0 .376.06.72.165 1.036.105.313.21.54.315.674l.51.674c.09.136.136.256.136.36 0 .12-.06.226-.18.314-1.2 1.05-1.86 1.62-1.963 1.71-.165.135-.375.15-.63.045-.195-.166-.375-.332-.526-.496l-.31-.347c-.06-.074-.166-.21-.317-.42l-.3-.435c-.81.886-1.603 1.44-2.4 1.665-.494.15-1.093.227-1.83.227-1.11 0-2.04-.343-2.76-1.034-.72-.69-1.08-1.665-1.08-2.94l-.05-.076zm3.753-.438c0 .566.14 1.02.425 1.364.285.34.675.512 1.155.512.045 0 .106-.007.195-.02.09-.016.134-.023.166-.023.614-.16 1.08-.553 1.424-1.178.165-.28.285-.58.36-.91.09-.32.12-.59.135-.8.015-.195.015-.54.015-1.005v-.54c-.84 0-1.484.06-1.92.18-1.275.36-1.92 1.17-1.92 2.43l-.035-.02zm9.162 7.027c.03-.06.075-.11.132-.17.362-.243.714-.41 1.05-.5.55-.133 1.09-.222 1.612-.24.14-.012.28 0 .41.03.65.06 1.05.168 1.172.33.063.09.09.228.09.39v.15c0 .51-.14 1.11-.415 1.8-.278.69-.664 1.248-1.156 1.68-.073.06-.14.09-.197.09-.03 0-.06 0-.09-.012-.09-.044-.107-.12-.064-.24.54-1.26.806-2.143.806-2.64 0-.15-.03-.27-.087-.344-.145-.166-.55-.257-1.224-.257-.243 0-.533.016-.87.046-.363.045-.7.09-1 .135-.09 0-.148-.014-.18-.044-.03-.03-.036-.047-.02-.077 0-.017.006-.03.02-.063v-.06z"
      />
    </svg>
  </span>
  <span
    className="tech__img tech__img--large"
  >
    <svg
      fill="currentColor"
      height="1em"
      stroke="currentColor"
      strokeWidth="0"
      style={
        Object {
          "color": undefined,
        }
      }
      viewBox="0 0 488 512"
      width="1em"
      xmlns="http://www.w3.org/2000/svg"
    >
      <path
        d="M488 261.8C488 403.3 391.1 504 248 504 110.8 504 0 393.2 0 256S110.8 8 248 8c66.8 0 123 24.5 166.3 64.9l-67.5 64.9C258.5 52.6 94.3 116.6 94.3 256c0 86.5 69.1 156.6 153.7 156.6 98.2 0 135-70.4 140.8-106.9H248v-85.3h236.1c2.3 12.7 3.9 24.9 3.9 41.4z"
      />
    </svg>
  </span>
  <span
    className="tech__img tech__img--large"
  >
    <svg
      fill="currentColor"
      height="1em"
      stroke="currentColor"
      strokeWidth="0"
      style={
        Object {
          "color": undefined,
        }
      }
      viewBox="0 0 512 512"
      width="1em"
      xmlns="http://www.w3.org/2000/svg"
    >
      <path
        d="M325.3 234.3L104.6 13l280.8 161.2-60.1 60.1zM47 0C34 6.8 25.3 19.2 25.3 35.3v441.3c0 16.1 8.7 28.5 21.7 35.3l256.6-256L47 0zm425.2 225.6l-58.9-34.1-65.7 64.5 65.7 64.5 60.1-34.1c18-14.3 18-46.5-1.2-60.8zM104.6 499l280.8-161.2-60.1-60.1L104.6 499z"
      />
    </svg>
  </span>
</div>
`;
