// Jest Snapshot v1, https://goo.gl/fbAQLP

exports[`renders without unexpected changes 1`] = `
<div
  className="blog-filter"
  data-testid="blog-filter"
>
  <span
    className="blog-filter__span"
  >
    Choose a topic youâ€™re interested the most
  </span>
  <div
    className="blog-filter__wrapper"
  >
    <div
      className="blog-filter__list"
    >
      <span
        className="blog-filter__list-title"
      >
        Services
      </span>
      <div
        className="filter-list"
        data-testid="filter-list"
      >
        <div
          className="filter-list__body"
        >
          <div
            className="filter-list__chose"
          >
            <label
              className="filter-list__label"
            >
              <input
                checked={false}
                className="filter-list__check"
                onClick={[Function]}
                type="checkbox"
                value="Web development"
              />
              <span
                class="filter-list__checkmark"
              />
              Web development
            </label>
          </div>
        </div>
      </div>
      <div
        className="filter-list"
        data-testid="filter-list"
      >
        <div
          className="filter-list__body"
        >
          <div
            className="filter-list__chose"
          >
            <label
              className="filter-list__label"
            >
              <input
                checked={false}
                className="filter-list__check"
                onClick={[Function]}
                type="checkbox"
                value="Cloud services"
              />
              <span
                class="filter-list__checkmark"
              />
              Cloud services
            </label>
          </div>
        </div>
      </div>
      <div
        className="filter-list"
        data-testid="filter-list"
      >
        <div
          className="filter-list__body"
        >
          <div
            className="filter-list__chose"
          >
            <label
              className="filter-list__label"
            >
              <input
                checked={false}
                className="filter-list__check"
                onClick={[Function]}
                type="checkbox"
                value="Research"
              />
              <span
                class="filter-list__checkmark"
              />
              Research
            </label>
          </div>
        </div>
      </div>
      <div
        className="filter-list"
        data-testid="filter-list"
      >
        <div
          className="filter-list__body"
        >
          <div
            className="filter-list__chose"
          >
            <label
              className="filter-list__label"
            >
              <input
                checked={false}
                className="filter-list__check"
                onClick={[Function]}
                type="checkbox"
                value="Analytics"
              />
              <span
                class="filter-list__checkmark"
              />
              Analytics
            </label>
          </div>
        </div>
      </div>
      <div
        className="filter-list"
        data-testid="filter-list"
      >
        <div
          className="filter-list__body"
        >
          <div
            className="filter-list__chose"
          >
            <label
              className="filter-list__label"
            >
              <input
                checked={false}
                className="filter-list__check"
                onClick={[Function]}
                type="checkbox"
                value="Quality control"
              />
              <span
                class="filter-list__checkmark"
              />
              Quality control
            </label>
          </div>
        </div>
      </div>
      <div
        className="filter-list"
        data-testid="filter-list"
      >
        <div
          className="filter-list__body"
        >
          <div
            className="filter-list__chose"
          >
            <label
              className="filter-list__label"
            >
              <input
                checked={false}
                className="filter-list__check"
                onClick={[Function]}
                type="checkbox"
                value="Mobile development"
              />
              <span
                class="filter-list__checkmark"
              />
              Mobile development
            </label>
          </div>
        </div>
      </div>
    </div>
    <div
      className="blog-filter__list"
    >
      <span
        className="blog-filter__list-title"
      >
        Industries
      </span>
      <div
        className="filter-list"
        data-testid="filter-list"
      >
        <div
          className="filter-list__body"
        >
          <div
            className="filter-list__chose"
          >
            <label
              className="filter-list__label"
            >
              <input
                checked={false}
                className="filter-list__check"
                onClick={[Function]}
                type="checkbox"
                value="Retail & E-commerce"
              />
              <span
                class="filter-list__checkmark"
              />
              Retail & E-commerce
            </label>
          </div>
        </div>
      </div>
      <div
        className="filter-list"
        data-testid="filter-list"
      >
        <div
          className="filter-list__body"
        >
          <div
            className="filter-list__chose"
          >
            <label
              className="filter-list__label"
            >
              <input
                checked={false}
                className="filter-list__check"
                onClick={[Function]}
                type="checkbox"
                value="Construction"
              />
              <span
                class="filter-list__checkmark"
              />
              Construction
            </label>
          </div>
        </div>
      </div>
      <div
        className="filter-list"
        data-testid="filter-list"
      >
        <div
          className="filter-list__body"
        >
          <div
            className="filter-list__chose"
          >
            <label
              className="filter-list__label"
            >
              <input
                checked={false}
                className="filter-list__check"
                onClick={[Function]}
                type="checkbox"
                value="Finance"
              />
              <span
                class="filter-list__checkmark"
              />
              Finance
            </label>
          </div>
        </div>
      </div>
      <div
        className="filter-list"
        data-testid="filter-list"
      >
        <div
          className="filter-list__body"
        >
          <div
            className="filter-list__chose"
          >
            <label
              className="filter-list__label"
            >
              <input
                checked={false}
                className="filter-list__check"
                onClick={[Function]}
                type="checkbox"
                value="Media"
              />
              <span
                class="filter-list__checkmark"
              />
              Media
            </label>
          </div>
        </div>
      </div>
      <div
        className="filter-list"
        data-testid="filter-list"
      >
        <div
          className="filter-list__body"
        >
          <div
            className="filter-list__chose"
          >
            <label
              className="filter-list__label"
            >
              <input
                checked={false}
                className="filter-list__check"
                onClick={[Function]}
                type="checkbox"
                value="Other"
              />
              <span
                class="filter-list__checkmark"
              />
              Other
            </label>
          </div>
        </div>
      </div>
    </div>
    <div
      className="blog-filter__list"
    >
      <span
        className="blog-filter__list-title"
      >
        Expertise
      </span>
      <div
        className="filter-list"
        data-testid="filter-list"
      >
        <div
          className="filter-list__body"
        >
          <div
            className="filter-list__chose"
          >
            <label
              className="filter-list__label"
            >
              <input
                checked={false}
                className="filter-list__check"
                onClick={[Function]}
                type="checkbox"
                value="SaaS product"
              />
              <span
                class="filter-list__checkmark"
              />
              SaaS product
            </label>
          </div>
        </div>
      </div>
      <div
        className="filter-list"
        data-testid="filter-list"
      >
        <div
          className="filter-list__body"
        >
          <div
            className="filter-list__chose"
          >
            <label
              className="filter-list__label"
            >
              <input
                checked={false}
                className="filter-list__check"
                onClick={[Function]}
                type="checkbox"
                value="Chatbots"
              />
              <span
                class="filter-list__checkmark"
              />
              Chatbots
            </label>
          </div>
        </div>
      </div>
      <div
        className="filter-list"
        data-testid="filter-list"
      >
        <div
          className="filter-list__body"
        >
          <div
            className="filter-list__chose"
          >
            <label
              className="filter-list__label"
            >
              <input
                checked={false}
                className="filter-list__check"
                onClick={[Function]}
                type="checkbox"
                value="AR & VR"
              />
              <span
                class="filter-list__checkmark"
              />
              AR & VR
            </label>
          </div>
        </div>
      </div>
      <div
        className="filter-list"
        data-testid="filter-list"
      >
        <div
          className="filter-list__body"
        >
          <div
            className="filter-list__chose"
          >
            <label
              className="filter-list__label"
            >
              <input
                checked={false}
                className="filter-list__check"
                onClick={[Function]}
                type="checkbox"
                value="Blockchain"
              />
              <span
                class="filter-list__checkmark"
              />
              Blockchain
            </label>
          </div>
        </div>
      </div>
      <div
        className="filter-list"
        data-testid="filter-list"
      >
        <div
          className="filter-list__body"
        >
          <div
            className="filter-list__chose"
          >
            <label
              className="filter-list__label"
            >
              <input
                checked={false}
                className="filter-list__check"
                onClick={[Function]}
                type="checkbox"
                value="Digital enterprise "
              />
              <span
                class="filter-list__checkmark"
              />
              Digital enterprise 
            </label>
          </div>
        </div>
      </div>
      <div
        className="filter-list"
        data-testid="filter-list"
      >
        <div
          className="filter-list__body"
        >
          <div
            className="filter-list__chose"
          >
            <label
              className="filter-list__label"
            >
              <input
                checked={false}
                className="filter-list__check"
                onClick={[Function]}
                type="checkbox"
                value="Drone"
              />
              <span
                class="filter-list__checkmark"
              />
              Drone
            </label>
          </div>
        </div>
      </div>
      <div
        className="filter-list"
        data-testid="filter-list"
      >
        <div
          className="filter-list__body"
        >
          <div
            className="filter-list__chose"
          >
            <label
              className="filter-list__label"
            >
              <input
                checked={false}
                className="filter-list__check"
                onClick={[Function]}
                type="checkbox"
                value="R&D"
              />
              <span
                class="filter-list__checkmark"
              />
              R&D
            </label>
          </div>
        </div>
      </div>
    </div>
  </div>
</div>
`;
