// Jest Snapshot v1, https://goo.gl/fbAQLP

exports[`renders without unexpected changes 1`] = `
<img
  alt="Test"
  className="button__icon button__icon--undefined"
  data-testid="button__icon"
  src="test-file-stub"
/>
`;
